Errors occurs in locale/ru/Names.txt.txt
Define translate for 'Test'
